 * Running on http://127.0.0.1:5000/ (Press CTRL+C to quit)
 * Restarting with watchdog (fsevents)
 * Debugger is active!
 * Debugger PIN: 496-710-297
 * Running on http://127.0.0.1:5000/ (Press CTRL+C to quit)
 * Restarting with watchdog (fsevents)
 * Debugger is active!
 * Debugger PIN: 496-710-297
 * Detected change in '/Users/natalianauman/Desktop/GC-SDE/TCSS 506/capstone/Giphted/app.py', reloading
 * Detected change in '/Users/natalianauman/Desktop/GC-SDE/TCSS 506/capstone/Giphted/app.py', reloading
 * Restarting with watchdog (fsevents)
 * Running on http://127.0.0.1:5000/ (Press CTRL+C to quit)
 * Running on http://127.0.0.1:5000/ (Press CTRL+C to quit)
 * Restarting with watchdog (fsevents)
 * Debugger is active!
 * Debugger PIN: 496-710-297
 * Detected change in '/Users/natalianauman/Desktop/GC-SDE/TCSS 506/capstone/Giphted/app.py', reloading
 * Detected change in '/Users/natalianauman/Desktop/GC-SDE/TCSS 506/capstone/Giphted/app.py', reloading
 * Restarting with watchdog (fsevents)
